------------------------------------------------------------
Timing Analyzer Summary
------------------------------------------------------------

Type  : Slow 1100mV 85C Model Setup 'clock'
Slack : 4.949
TNS   : 0.000

Type  : Slow 1100mV 85C Model Setup 'altera_reserved_tck'
Slack : 11.121
TNS   : 0.000

Type  : Slow 1100mV 85C Model Setup 'clock2'
Slack : 11.630
TNS   : 0.000

Type  : Slow 1100mV 85C Model Hold 'clock2'
Slack : 0.450
TNS   : 0.000

Type  : Slow 1100mV 85C Model Hold 'altera_reserved_tck'
Slack : 0.471
TNS   : 0.000

Type  : Slow 1100mV 85C Model Hold 'clock'
Slack : 0.759
TNS   : 0.000

Type  : Slow 1100mV 85C Model Recovery 'clock'
Slack : 8.046
TNS   : 0.000

Type  : Slow 1100mV 85C Model Recovery 'altera_reserved_tck'
Slack : 29.534
TNS   : 0.000

Type  : Slow 1100mV 85C Model Removal 'altera_reserved_tck'
Slack : 0.880
TNS   : 0.000

Type  : Slow 1100mV 85C Model Removal 'clock'
Slack : 1.544
TNS   : 0.000

Type  : Slow 1100mV 85C Model Minimum Pulse Width 'clock'
Slack : 7.900
TNS   : 0.000

Type  : Slow 1100mV 85C Model Minimum Pulse Width 'clock2'
Slack : 8.826
TNS   : 0.000

Type  : Slow 1100mV 85C Model Minimum Pulse Width 'altera_reserved_tck'
Slack : 15.149
TNS   : 0.000

Type  : Slow 1100mV 0C Model Setup 'clock'
Slack : 5.377
TNS   : 0.000

Type  : Slow 1100mV 0C Model Setup 'altera_reserved_tck'
Slack : 11.200
TNS   : 0.000

Type  : Slow 1100mV 0C Model Setup 'clock2'
Slack : 12.044
TNS   : 0.000

Type  : Slow 1100mV 0C Model Hold 'clock2'
Slack : 0.404
TNS   : 0.000

Type  : Slow 1100mV 0C Model Hold 'altera_reserved_tck'
Slack : 0.441
TNS   : 0.000

Type  : Slow 1100mV 0C Model Hold 'clock'
Slack : 0.790
TNS   : 0.000

Type  : Slow 1100mV 0C Model Recovery 'clock'
Slack : 8.247
TNS   : 0.000

Type  : Slow 1100mV 0C Model Recovery 'altera_reserved_tck'
Slack : 29.701
TNS   : 0.000

Type  : Slow 1100mV 0C Model Removal 'altera_reserved_tck'
Slack : 0.824
TNS   : 0.000

Type  : Slow 1100mV 0C Model Removal 'clock'
Slack : 1.259
TNS   : 0.000

Type  : Slow 1100mV 0C Model Minimum Pulse Width 'clock'
Slack : 7.908
TNS   : 0.000

Type  : Slow 1100mV 0C Model Minimum Pulse Width 'clock2'
Slack : 8.779
TNS   : 0.000

Type  : Slow 1100mV 0C Model Minimum Pulse Width 'altera_reserved_tck'
Slack : 15.114
TNS   : 0.000

Type  : Fast 1100mV 85C Model Setup 'clock'
Slack : 9.164
TNS   : 0.000

Type  : Fast 1100mV 85C Model Setup 'altera_reserved_tck'
Slack : 13.407
TNS   : 0.000

Type  : Fast 1100mV 85C Model Setup 'clock2'
Slack : 13.946
TNS   : 0.000

Type  : Fast 1100mV 85C Model Hold 'altera_reserved_tck'
Slack : 0.198
TNS   : 0.000

Type  : Fast 1100mV 85C Model Hold 'clock2'
Slack : 0.243
TNS   : 0.000

Type  : Fast 1100mV 85C Model Hold 'clock'
Slack : 0.457
TNS   : 0.000

Type  : Fast 1100mV 85C Model Recovery 'clock'
Slack : 11.872
TNS   : 0.000

Type  : Fast 1100mV 85C Model Recovery 'altera_reserved_tck'
Slack : 30.676
TNS   : 0.000

Type  : Fast 1100mV 85C Model Removal 'altera_reserved_tck'
Slack : 0.450
TNS   : 0.000

Type  : Fast 1100mV 85C Model Removal 'clock'
Slack : 1.520
TNS   : 0.000

Type  : Fast 1100mV 85C Model Minimum Pulse Width 'clock'
Slack : 7.976
TNS   : 0.000

Type  : Fast 1100mV 85C Model Minimum Pulse Width 'clock2'
Slack : 8.826
TNS   : 0.000

Type  : Fast 1100mV 85C Model Minimum Pulse Width 'altera_reserved_tck'
Slack : 14.919
TNS   : 0.000

Type  : Fast 1100mV 0C Model Setup 'clock'
Slack : 10.599
TNS   : 0.000

Type  : Fast 1100mV 0C Model Setup 'altera_reserved_tck'
Slack : 13.824
TNS   : 0.000

Type  : Fast 1100mV 0C Model Setup 'clock2'
Slack : 14.772
TNS   : 0.000

Type  : Fast 1100mV 0C Model Hold 'altera_reserved_tck'
Slack : 0.168
TNS   : 0.000

Type  : Fast 1100mV 0C Model Hold 'clock2'
Slack : 0.215
TNS   : 0.000

Type  : Fast 1100mV 0C Model Hold 'clock'
Slack : 0.449
TNS   : 0.000

Type  : Fast 1100mV 0C Model Recovery 'clock'
Slack : 12.632
TNS   : 0.000

Type  : Fast 1100mV 0C Model Recovery 'altera_reserved_tck'
Slack : 30.962
TNS   : 0.000

Type  : Fast 1100mV 0C Model Removal 'altera_reserved_tck'
Slack : 0.396
TNS   : 0.000

Type  : Fast 1100mV 0C Model Removal 'clock'
Slack : 1.161
TNS   : 0.000

Type  : Fast 1100mV 0C Model Minimum Pulse Width 'clock'
Slack : 8.140
TNS   : 0.000

Type  : Fast 1100mV 0C Model Minimum Pulse Width 'clock2'
Slack : 8.820
TNS   : 0.000

Type  : Fast 1100mV 0C Model Minimum Pulse Width 'altera_reserved_tck'
Slack : 14.931
TNS   : 0.000

------------------------------------------------------------
