------------------------------------------------------------
Timing Analyzer Summary
------------------------------------------------------------

Type  : Slow 1100mV 85C Model Setup 'iCLK'
Slack : -0.460
TNS   : -1.536

Type  : Slow 1100mV 85C Model Hold 'iCLK'
Slack : 0.240
TNS   : 0.000

Type  : Slow 1100mV 85C Model Minimum Pulse Width 'iCLK'
Slack : -0.394
TNS   : -5.773

Type  : Slow 1100mV 0C Model Setup 'iCLK'
Slack : -0.470
TNS   : -1.503

Type  : Slow 1100mV 0C Model Hold 'iCLK'
Slack : 0.223
TNS   : 0.000

Type  : Slow 1100mV 0C Model Minimum Pulse Width 'iCLK'
Slack : -0.394
TNS   : -6.269

Type  : Fast 1100mV 85C Model Setup 'iCLK'
Slack : 0.115
TNS   : 0.000

Type  : Fast 1100mV 85C Model Hold 'iCLK'
Slack : 0.140
TNS   : 0.000

Type  : Fast 1100mV 85C Model Minimum Pulse Width 'iCLK'
Slack : -0.077
TNS   : -0.841

Type  : Fast 1100mV 0C Model Setup 'iCLK'
Slack : 0.169
TNS   : 0.000

Type  : Fast 1100mV 0C Model Hold 'iCLK'
Slack : 0.126
TNS   : 0.000

Type  : Fast 1100mV 0C Model Minimum Pulse Width 'iCLK'
Slack : -0.078
TNS   : -0.839

------------------------------------------------------------
