------------------------------------------------------------
Timing Analyzer Summary
------------------------------------------------------------

Type  : Slow 1100mV 85C Model Setup 'clock'
Slack : 0.085
TNS   : 0.000

Type  : Slow 1100mV 85C Model Setup 'altera_reserved_tck'
Slack : 8.300
TNS   : 0.000

Type  : Slow 1100mV 85C Model Setup 'clock2'
Slack : 9.845
TNS   : 0.000

Type  : Slow 1100mV 85C Model Hold 'clock2'
Slack : 0.402
TNS   : 0.000

Type  : Slow 1100mV 85C Model Hold 'altera_reserved_tck'
Slack : 0.452
TNS   : 0.000

Type  : Slow 1100mV 85C Model Hold 'clock'
Slack : 0.759
TNS   : 0.000

Type  : Slow 1100mV 85C Model Recovery 'clock'
Slack : 8.981
TNS   : 0.000

Type  : Slow 1100mV 85C Model Recovery 'altera_reserved_tck'
Slack : 29.083
TNS   : 0.000

Type  : Slow 1100mV 85C Model Removal 'altera_reserved_tck'
Slack : 0.665
TNS   : 0.000

Type  : Slow 1100mV 85C Model Removal 'clock'
Slack : 1.466
TNS   : 0.000

Type  : Slow 1100mV 85C Model Minimum Pulse Width 'clock'
Slack : 7.715
TNS   : 0.000

Type  : Slow 1100mV 85C Model Minimum Pulse Width 'clock2'
Slack : 8.824
TNS   : 0.000

Type  : Slow 1100mV 85C Model Minimum Pulse Width 'altera_reserved_tck'
Slack : 15.135
TNS   : 0.000

Type  : Slow 1100mV 0C Model Setup 'clock'
Slack : 0.393
TNS   : 0.000

Type  : Slow 1100mV 0C Model Setup 'altera_reserved_tck'
Slack : 8.603
TNS   : 0.000

Type  : Slow 1100mV 0C Model Setup 'clock2'
Slack : 10.179
TNS   : 0.000

Type  : Slow 1100mV 0C Model Hold 'clock2'
Slack : 0.397
TNS   : 0.000

Type  : Slow 1100mV 0C Model Hold 'altera_reserved_tck'
Slack : 0.419
TNS   : 0.000

Type  : Slow 1100mV 0C Model Hold 'clock'
Slack : 0.790
TNS   : 0.000

Type  : Slow 1100mV 0C Model Recovery 'clock'
Slack : 9.384
TNS   : 0.000

Type  : Slow 1100mV 0C Model Recovery 'altera_reserved_tck'
Slack : 29.237
TNS   : 0.000

Type  : Slow 1100mV 0C Model Removal 'altera_reserved_tck'
Slack : 0.613
TNS   : 0.000

Type  : Slow 1100mV 0C Model Removal 'clock'
Slack : 1.193
TNS   : 0.000

Type  : Slow 1100mV 0C Model Minimum Pulse Width 'clock'
Slack : 7.692
TNS   : 0.000

Type  : Slow 1100mV 0C Model Minimum Pulse Width 'clock2'
Slack : 8.779
TNS   : 0.000

Type  : Slow 1100mV 0C Model Minimum Pulse Width 'altera_reserved_tck'
Slack : 15.124
TNS   : 0.000

Type  : Fast 1100mV 85C Model Setup 'clock'
Slack : 8.058
TNS   : 0.000

Type  : Fast 1100mV 85C Model Setup 'altera_reserved_tck'
Slack : 11.438
TNS   : 0.000

Type  : Fast 1100mV 85C Model Setup 'clock2'
Slack : 13.149
TNS   : 0.000

Type  : Fast 1100mV 85C Model Hold 'altera_reserved_tck'
Slack : 0.190
TNS   : 0.000

Type  : Fast 1100mV 85C Model Hold 'clock2'
Slack : 0.253
TNS   : 0.000

Type  : Fast 1100mV 85C Model Hold 'clock'
Slack : 0.457
TNS   : 0.000

Type  : Fast 1100mV 85C Model Recovery 'clock'
Slack : 11.472
TNS   : 0.000

Type  : Fast 1100mV 85C Model Recovery 'altera_reserved_tck'
Slack : 30.501
TNS   : 0.000

Type  : Fast 1100mV 85C Model Removal 'altera_reserved_tck'
Slack : 0.318
TNS   : 0.000

Type  : Fast 1100mV 85C Model Removal 'clock'
Slack : 1.556
TNS   : 0.000

Type  : Fast 1100mV 85C Model Minimum Pulse Width 'clock'
Slack : 7.793
TNS   : 0.000

Type  : Fast 1100mV 85C Model Minimum Pulse Width 'clock2'
Slack : 8.827
TNS   : 0.000

Type  : Fast 1100mV 85C Model Minimum Pulse Width 'altera_reserved_tck'
Slack : 14.894
TNS   : 0.000

Type  : Fast 1100mV 0C Model Setup 'clock'
Slack : 9.161
TNS   : 0.000

Type  : Fast 1100mV 0C Model Setup 'altera_reserved_tck'
Slack : 12.092
TNS   : 0.000

Type  : Fast 1100mV 0C Model Setup 'clock2'
Slack : 13.935
TNS   : 0.000

Type  : Fast 1100mV 0C Model Hold 'altera_reserved_tck'
Slack : 0.155
TNS   : 0.000

Type  : Fast 1100mV 0C Model Hold 'clock2'
Slack : 0.232
TNS   : 0.000

Type  : Fast 1100mV 0C Model Hold 'clock'
Slack : 0.449
TNS   : 0.000

Type  : Fast 1100mV 0C Model Recovery 'clock'
Slack : 12.671
TNS   : 0.000

Type  : Fast 1100mV 0C Model Recovery 'altera_reserved_tck'
Slack : 30.770
TNS   : 0.000

Type  : Fast 1100mV 0C Model Removal 'altera_reserved_tck'
Slack : 0.271
TNS   : 0.000

Type  : Fast 1100mV 0C Model Removal 'clock'
Slack : 1.177
TNS   : 0.000

Type  : Fast 1100mV 0C Model Minimum Pulse Width 'clock'
Slack : 7.986
TNS   : 0.000

Type  : Fast 1100mV 0C Model Minimum Pulse Width 'clock2'
Slack : 8.818
TNS   : 0.000

Type  : Fast 1100mV 0C Model Minimum Pulse Width 'altera_reserved_tck'
Slack : 14.900
TNS   : 0.000

------------------------------------------------------------
